// Jest Snapshot v1, https://goo.gl/fbAQLP

exports[`Wallet should render correctly 1`] = `
ShallowWrapper {
  "length": 1,
  Symbol(enzyme.__root__): [Circular],
  Symbol(enzyme.__unrendered__): <Wallet
    balance={20}
/>,
  Symbol(enzyme.__renderer__): Object {
    "batchedUpdates": [Function],
    "getNode": [Function],
    "render": [Function],
    "simulateEvent": [Function],
    "unmount": [Function],
  },
  Symbol(enzyme.__node__): Object {
    "instance": null,
    "key": undefined,
    "nodeType": "host",
    "props": Object {
      "children": Array [
        <h3
          className="balance"
>
          Wallet Balance: 
          20
</h3>,
        <br />,
        <Row>
          <Input
                    checked={false}
                    className="input-wallet"
                    label="Amount"
                    onChange={[Function]}
                    s={4}
                    type="text"
          />
          <Button
                    className="btn-deposit"
                    node="button"
                    onClick={undefined}
                    waves="light"
          >
                    Deposit
          </Button>
          <Button
                    className="btn-withdraw"
                    node="button"
                    onClick={undefined}
                    style={
                              Object {
                                        "margin": "0 10px",
                                      }
                    }
                    waves="light"
          >
                    Withdraw
          </Button>
</Row>,
      ],
    },
    "ref": null,
    "rendered": Array [
      Object {
        "instance": null,
        "key": undefined,
        "nodeType": "host",
        "props": Object {
          "children": Array [
            "Wallet Balance: ",
            20,
          ],
          "className": "balance",
        },
        "ref": null,
        "rendered": Array [
          "Wallet Balance: ",
          20,
        ],
        "type": "h3",
      },
      Object {
        "instance": null,
        "key": undefined,
        "nodeType": "host",
        "props": Object {},
        "ref": null,
        "rendered": null,
        "type": "br",
      },
      Object {
        "instance": null,
        "key": undefined,
        "nodeType": "function",
        "props": Object {
          "children": Array [
            <Input
              checked={false}
              className="input-wallet"
              label="Amount"
              onChange={[Function]}
              s={4}
              type="text"
/>,
            <Button
              className="btn-deposit"
              node="button"
              onClick={undefined}
              waves="light"
>
              Deposit
</Button>,
            <Button
              className="btn-withdraw"
              node="button"
              onClick={undefined}
              style={
                            Object {
                                          "margin": "0 10px",
                                        }
              }
              waves="light"
>
              Withdraw
</Button>,
          ],
        },
        "ref": null,
        "rendered": Array [
          Object {
            "instance": null,
            "key": undefined,
            "nodeType": "class",
            "props": Object {
              "checked": false,
              "className": "input-wallet",
              "label": "Amount",
              "onChange": [Function],
              "s": 4,
              "type": "text",
            },
            "ref": null,
            "rendered": null,
            "type": [Function],
          },
          Object {
            "instance": null,
            "key": undefined,
            "nodeType": "class",
            "props": Object {
              "children": "Deposit",
              "className": "btn-deposit",
              "node": "button",
              "onClick": undefined,
              "waves": "light",
            },
            "ref": null,
            "rendered": "Deposit",
            "type": [Function],
          },
          Object {
            "instance": null,
            "key": undefined,
            "nodeType": "class",
            "props": Object {
              "children": "Withdraw",
              "className": "btn-withdraw",
              "node": "button",
              "onClick": undefined,
              "style": Object {
                "margin": "0 10px",
              },
              "waves": "light",
            },
            "ref": null,
            "rendered": "Withdraw",
            "type": [Function],
          },
        ],
        "type": [Function],
      },
    ],
    "type": "div",
  },
  Symbol(enzyme.__nodes__): Array [
    Object {
      "instance": null,
      "key": undefined,
      "nodeType": "host",
      "props": Object {
        "children": Array [
          <h3
            className="balance"
>
            Wallet Balance: 
            20
</h3>,
          <br />,
          <Row>
            <Input
                        checked={false}
                        className="input-wallet"
                        label="Amount"
                        onChange={[Function]}
                        s={4}
                        type="text"
            />
            <Button
                        className="btn-deposit"
                        node="button"
                        onClick={undefined}
                        waves="light"
            >
                        Deposit
            </Button>
            <Button
                        className="btn-withdraw"
                        node="button"
                        onClick={undefined}
                        style={
                                    Object {
                                                "margin": "0 10px",
                                              }
                        }
                        waves="light"
            >
                        Withdraw
            </Button>
</Row>,
        ],
      },
      "ref": null,
      "rendered": Array [
        Object {
          "instance": null,
          "key": undefined,
          "nodeType": "host",
          "props": Object {
            "children": Array [
              "Wallet Balance: ",
              20,
            ],
            "className": "balance",
          },
          "ref": null,
          "rendered": Array [
            "Wallet Balance: ",
            20,
          ],
          "type": "h3",
        },
        Object {
          "instance": null,
          "key": undefined,
          "nodeType": "host",
          "props": Object {},
          "ref": null,
          "rendered": null,
          "type": "br",
        },
        Object {
          "instance": null,
          "key": undefined,
          "nodeType": "function",
          "props": Object {
            "children": Array [
              <Input
                checked={false}
                className="input-wallet"
                label="Amount"
                onChange={[Function]}
                s={4}
                type="text"
/>,
              <Button
                className="btn-deposit"
                node="button"
                onClick={undefined}
                waves="light"
>
                Deposit
</Button>,
              <Button
                className="btn-withdraw"
                node="button"
                onClick={undefined}
                style={
                                Object {
                                                "margin": "0 10px",
                                              }
                }
                waves="light"
>
                Withdraw
</Button>,
            ],
          },
          "ref": null,
          "rendered": Array [
            Object {
              "instance": null,
              "key": undefined,
              "nodeType": "class",
              "props": Object {
                "checked": false,
                "className": "input-wallet",
                "label": "Amount",
                "onChange": [Function],
                "s": 4,
                "type": "text",
              },
              "ref": null,
              "rendered": null,
              "type": [Function],
            },
            Object {
              "instance": null,
              "key": undefined,
              "nodeType": "class",
              "props": Object {
                "children": "Deposit",
                "className": "btn-deposit",
                "node": "button",
                "onClick": undefined,
                "waves": "light",
              },
              "ref": null,
              "rendered": "Deposit",
              "type": [Function],
            },
            Object {
              "instance": null,
              "key": undefined,
              "nodeType": "class",
              "props": Object {
                "children": "Withdraw",
                "className": "btn-withdraw",
                "node": "button",
                "onClick": undefined,
                "style": Object {
                  "margin": "0 10px",
                },
                "waves": "light",
              },
              "ref": null,
              "rendered": "Withdraw",
              "type": [Function],
            },
          ],
          "type": [Function],
        },
      ],
      "type": "div",
    },
  ],
  Symbol(enzyme.__options__): Object {
    "adapter": ReactSixteenAdapter {
      "options": Object {
        "enableComponentDidUpdateOnSetState": true,
      },
    },
    "disableLifecycleMethods": true,
  },
}
`;
